// Jest Snapshot v1, https://goo.gl/fbAQLP

exports[`Works when it has a failing tests 1`] = `
"FAIL integrationTests/__fixtures__/failing/__mocha__/__tests__/file.test.js
    My tests This test fails
      [31mAssertionError [ERR_ASSERTION]: 1 == 2[0m
      [32m+ expected[0m [31m- actual[0m
      [31m-1[0m
      [32m+2[0m
    at mocked-stack-trace
  ✕ This test fails
Test Suites: 1 failed, 1 total
Tests:       1 failed, 1 total
Snapshots:   0 total
Time:
Ran all test suites.
"
`;

exports[`Works when it has only passing tests 1`] = `
"PASS integrationTests/__fixtures__/passing/__mocha__/__tests__/file.test.js
  ✓ This test passes
Test Suites: 1 passed, 1 total
Tests:       1 passed, 1 total
Snapshots:   0 total
Time:
Ran all test suites."
`;

exports[`Works when it throws an error 1`] = `
"FAIL integrationTests/__fixtures__/errorInTest/__mocha__/__tests__/file.test.js
  ● Test suite failed to run
    Some error message
      at mocked-stack-trace
      at mocked-stack-trace
      at mocked-stack-trace
      at mocked-stack-trace
      at mocked-stack-trace
      at mocked-stack-trace
      at mocked-stack-trace
      at mocked-stack-trace
      at mocked-stack-trace
Test Suites: 1 failed, 1 total
Tests:       0 total
Snapshots:   0 total
Time:
Ran all test suites.
"
`;

exports[`Works when it throws an error outside the tests 1`] = `
"Error: Can't find a root directory while resolving a config file path.
Provided path to resolve: /mocked-path-to-jest-runner-mocha/integrationTests/__fixtures__/errorOusideTest
cwd: /mocked-path-to-jest-runner-mocha
    at mocked-stack-trace
    at mocked-stack-trace
    at mocked-stack-trace
    at mocked-stack-trace
    at mocked-stack-trace
    at mocked-stack-trace
    at mocked-stack-trace
    at mocked-stack-trace
    at mocked-stack-trace
    at mocked-stack-trace
"
`;
